// Jest Snapshot v1, https://goo.gl/fbAQLP

exports[`coverage should collect coverage 2 1`] = `
{
  "0ab1ff93a9e79c0deff4405d8dad6b5ac9f8c01b2f1ebcb4259feb9e98380099": {
    "offsets": {
      "0": {
        "count": 1,
        "gas": [
          "0",
        ],
      },
      "16": {
        "count": 1,
        "gas": [
          "34",
        ],
      },
      "40": {
        "count": 1,
        "gas": [
          "226",
        ],
      },
    },
  },
  "7a7f791f503cf7e13f5a9bcc616b295481e3377da5b46143162d892b3ffeaefd": {
    "offsets": {
      "104": {
        "count": 1,
        "gas": [
          "26",
        ],
      },
      "120": {
        "count": 1,
        "gas": [
          "18",
        ],
      },
      "128": {
        "count": 1,
        "gas": [
          "26",
        ],
      },
      "144": {
        "count": 1,
        "gas": [
          "26",
        ],
      },
      "160": {
        "count": 1,
        "gas": [
          "118",
        ],
      },
      "168": {
        "count": 1,
        "gas": [
          "26",
        ],
      },
      "184": {
        "count": 1,
        "gas": [
          "26",
        ],
      },
      "200": {
        "count": 1,
        "gas": [
          "26",
        ],
      },
      "216": {
        "count": 1,
        "gas": [
          "18",
        ],
      },
      "224": {
        "count": 1,
        "gas": [
          "26",
        ],
      },
      "24": {
        "count": 1,
        "gas": [
          "26",
        ],
      },
      "240": {
        "count": 1,
        "gas": [
          "18",
        ],
      },
      "248": {
        "count": 1,
        "gas": [
          "26",
        ],
      },
      "264": {
        "count": 1,
        "gas": [
          "26",
        ],
      },
      "280": {
        "count": 1,
        "gas": [
          "18",
        ],
      },
      "288": {
        "count": 1,
        "gas": [
          "26",
        ],
      },
      "304": {
        "count": 1,
        "gas": [
          "18",
        ],
      },
      "312": {
        "count": 1,
        "gas": [
          "526",
        ],
      },
      "328": {
        "count": 1,
        "gas": [
          "34",
        ],
      },
      "352": {
        "count": 1,
        "gas": [
          "26",
        ],
      },
      "368": {
        "count": 1,
        "gas": [
          "26",
        ],
      },
      "384": {
        "count": 1,
        "gas": [
          "26",
        ],
      },
      "40": {
        "count": 1,
        "gas": [
          "18",
        ],
      },
      "400": {
        "count": 1,
        "gas": [
          "18",
        ],
      },
      "408": {
        "count": 1,
        "gas": [
          "52",
        ],
      },
      "424": {
        "count": 1,
        "gas": [
          "18",
        ],
      },
      "432": {
        "count": 1,
        "gas": [
          "26",
        ],
      },
      "448": {
        "count": 2,
        "gas": [
          "18",
          "18",
        ],
      },
      "456": {
        "count": 2,
        "gas": [
          "26",
          "26",
        ],
      },
      "472": {
        "count": 2,
        "gas": [
          "151",
          "51",
        ],
      },
      "48": {
        "count": 1,
        "gas": [
          "26",
        ],
      },
      "488": {
        "count": 2,
        "gas": [
          "26",
          "26",
        ],
      },
      "504": {
        "count": 2,
        "gas": [
          "18",
          "18",
        ],
      },
      "512": {
        "count": 2,
        "gas": [
          "18",
          "18",
        ],
      },
      "520": {
        "count": 1,
        "gas": [
          "18",
        ],
      },
      "528": {
        "count": 1,
        "gas": [
          "26",
        ],
      },
      "544": {
        "count": 1,
        "gas": [
          "18",
        ],
      },
      "552": {
        "count": 1,
        "gas": [
          "18",
        ],
      },
      "560": {
        "count": 1,
        "gas": [
          "18",
        ],
      },
      "568": {
        "count": 1,
        "gas": [
          "526",
        ],
      },
      "584": {
        "count": 2,
        "gas": [
          "18",
          "18",
        ],
      },
      "592": {
        "count": 1,
        "gas": [
          "18",
        ],
      },
      "600": {
        "count": 2,
        "gas": [
          "18",
          "18",
        ],
      },
      "608": {
        "count": 2,
        "gas": [
          "18",
          "18",
        ],
      },
      "616": {
        "count": 2,
        "gas": [
          "18",
          "18",
        ],
      },
      "624": {
        "count": 1,
        "gas": [
          "18",
        ],
      },
      "632": {
        "count": 1,
        "gas": [
          "18",
        ],
      },
      "64": {
        "count": 1,
        "gas": [
          "26",
        ],
      },
      "640": {
        "count": 1,
        "gas": [
          "18",
        ],
      },
      "648": {
        "count": 1,
        "gas": [
          "18",
        ],
      },
      "656": {
        "count": 1,
        "gas": [
          "18",
        ],
      },
      "664": {
        "count": 1,
        "gas": [
          "26",
        ],
      },
      "680": {
        "count": 1,
        "gas": [
          "26",
        ],
      },
      "696": {
        "count": 1,
        "gas": [
          "26",
        ],
      },
      "712": {
        "count": 1,
        "gas": [
          "518",
        ],
      },
      "720": {
        "count": 1,
        "gas": [
          "26",
        ],
      },
      "8": {
        "count": 1,
        "gas": [
          "26",
        ],
      },
      "80": {
        "count": 1,
        "gas": [
          "26",
        ],
      },
      "96": {
        "count": 1,
        "gas": [
          "18",
        ],
      },
    },
  },
}
`;
